Compiling lib/main.dart for the Web...                          
Wasm dry run succeeded. Consider building and testing your application with the `--wasm` flag. See docs for more info: https://docs.flutter.dev/platform-integration/web/wasm
Use --no-wasm-dry-run to disable these warnings.
Target dart2js failed: ProcessException: Process exited abnormally with exit code 1:
lib/src/features/lessons/domain/lesson.dart:1:8:
Error: Error when reading 'lib/src/features/lessons/domain/training_session.dart': Error reading 'lib/src/features/lessons/domain/training_session.dart'  (No such file or directory)
import '../domain/training_session.dart';
       ^
lib/src/features/lessons/domain/lesson.dart:6:9:
Error: Type 'Phase' not found.
  final Phase phase;
        ^^^^^
lib/src/features/lessons/domain/lesson.dart:160:42:
Error: Type 'Phase' not found.
  static List<Lesson> getLessonsForPhase(Phase phase) {
                                         ^^^^^
lib/src/features/lessons/domain/lesson.dart:25:49:
Error: Undefined name 'Phase'.
    Lesson(code: 'M100', title: 'PHASE', phase: Phase.phase1, periods: 6, isMandatory: true),
                                                ^^^^^
lib/src/features/lessons/domain/lesson.dart:26:85:
Error: Undefined name 'Phase'.
    Lesson(code: 'MX01.01C', title: 'Participate in Citizenship Activities', phase: Phase.phase1, periods: 3, isMandatory: true),
                                                                                    ^^^^^
lib/src/features/lessons/domain/lesson.dart:27:72:
Error: Undefined name 'Phase'.
    Lesson(code: 'MX02.01', title: 'Perform Community Service', phase: Phase.phase1, periods: 9, isMandatory: true),
                                                                       ^^^^^
lib/src/features/lessons/domain/lesson.dart:28:100:
Error: Undefined name 'Phase'.
    Lesson(code: 'M103.01', title: 'Identify the Responsibilities of a Follower in a Team', phase: Phase.phase1, periods: 1, isMandatory: true),
                                                                                          ^^^^^
lib/src/features/lessons/domain/lesson.dart:29:86:
Error: Undefined name 'Phase'.
    Lesson(code: 'M103.03', title: 'Participate in Team Building Activities', phase: Phase.phase1, periods: 2, isMandatory: true),
                                                                                     ^^^^^
lib/src/features/lessons/domain/lesson.dart:30:80:
Error: Undefined name 'Phase'.
    Lesson(code: 'MX04.01', title: 'Participate in 60 Minutes of MVPA', phase: Phase.phase1, periods: 3, isMandatory: true),
                                                                               ^^^^^
lib/src/features/lessons/domain/lesson.dart:31:114:
Error: Undefined name 'Phase'.
    Lesson(code: 'MX04.02', title: 'Identify Strategies to Improve Participation in Physical Activities', phase: Phase.phase1, periods: 3, isMandatory: true),
                                                                                          ^^^^^
lib/src/features/lessons/domain/lesson.dart:32:81:
Error: Undefined name 'Phase'.
    Lesson(code: 'MX05.01', title: 'Participate in Physical Activities', phase: Phase.phase1, periods: 9, isMandatory: true),
                                                                                ^^^^^
lib/src/features/lessons/domain/lesson.dart:33:113:
Error: Undefined name 'Phase'.
    Lesson(code: 'M106.01', title: 'Identify the Parts and Characteristics of the Daisy 853C Air Rifle', phase: Phase.phase1, periods: 1, isMandatory: true),
                                                                                          ^^^^^
lib/src/features/lessons/domain/lesson.dart:34:98:
Error: Undefined name 'Phase'.
    Lesson(code: 'M106.02', title: 'Carry out Safety Precautions on the Cadet Air Rifle', phase: Phase.phase1, periods: 1, isMandatory: true),
                                                                                          ^^^^^
lib/src/features/lessons/domain/lesson.dart:35:94:
Error: Undefined name 'Phase'.
    Lesson(code: 'M106.04', title: 'Follow Rules and Commands on an Air Rifle Range', phase: Phase.phase1, periods: 1, isMandatory: true),
                                                                                          ^^^^^
lib/src/features/lessons/domain/lesson.dart:36:72:
Error: Undefined name 'Phase'.
    Lesson(code: 'M107.01', title: 'Discuss Year One Training', phase: Phase.phase1, periods: 1, isMandatory: true),
                                                                       ^^^^^
lib/src/features/lessons/domain/lesson.dart:37:89:
Error: Undefined name 'Phase'.
    Lesson(code: 'M107.02', title: 'Identify Sea Cadet and Naval Officer Ranks', phase: Phase.phase1, periods: 1, isMandatory: true),
                                                                                        ^^^^^
lib/src/features/lessons/domain/lesson.dart:38:98:
Error: Undefined name 'Phase'.
    Lesson(code: 'M107.03', title: 'Observe Rules and Procedures for Paying Compliments', phase: Phase.phase1, periods: 1, isMandatory: true),
                                                                                          ^^^^^
lib/src/features/lessons/domain/lesson.dart:39:99:
Error: Undefined name 'Phase'.
    Lesson(code: 'M107.04', title: 'State the Motto and History of the Sea Cadet Program', phase: Phase.phase1, periods: 1, isMandatory: true),
                                                                                          ^^^^^
lib/src/features/lessons/domain/lesson.dart:40:73:
Error: Undefined name 'Phase'.
    Lesson(code: 'M107.05', title: 'Wear the Sea Cadet Uniform', phase: Phase.phase1, periods: 1, isMandatory: true),
                                                                        ^^^^^
lib/src/features/lessons/domain/lesson.dart:41:110:
Error: Undefined name 'Phase'.
    Lesson(code: 'M108.01', title: 'Adopt the Positions of Attention, Stand at Ease, and Stand Easy', phase: Phase.phase1, periods: 1, isMandatory: true),
                                                                                          ^^^^^
lib/src/features/lessons/domain/lesson.dart:42:88:
Error: Undefined name 'Phase'.
    Lesson(code: 'M108.02', title: 'Execute a Salute at the Halt Without Arms', phase: Phase.phase1, periods: 1, isMandatory: true),
                                                                                       ^^^^^
lib/src/features/lessons/domain/lesson.dart:43:72:
Error: Undefined name 'Phase'.
    Lesson(code: 'M108.03', title: 'Execute Turns at the Halt', phase: Phase.phase1, periods: 1, isMandatory: true),
                                                                       ^^^^^
lib/src/features/lessons/domain/lesson.dart:44:74:
Error: Undefined name 'Phase'.
    Lesson(code: 'M108.04', title: 'Close to the Right and Left', phase: Phase.phase1, periods: 1, isMandatory: true),
                                                                         ^^^^^
lib/src/features/lessons/domain/lesson.dart:47:75:
Error: Undefined name 'Phase'.
    Lesson(code: 'M121.01', title: 'Tie Knots, Bends and Hitches', phase: Phase.phase1, periods: 6, isMandatory: true, category: 'Elemental'),
                                                                          ^^^^^
lib/src/features/lessons/domain/lesson.dart:48:93:
Error: Undefined name 'Phase'.
    Lesson(code: 'M121.02', title: 'Whip the End of a Line Using a Common Whipping', phase: Phase.phase1, periods: 3, isMandatory: true, category: 'Elemental'),
                                                                                          ^^^^^
lib/src/features/lessons/domain/lesson.dart:49:68:
Error: Undefined name 'Phase'.
    Lesson(code: 'M121.03', title: 'Coil and Heave a Line', phase: Phase.phase1, periods: 3, isMandatory: true, category: 'Elemental'),
                                                                   ^^^^^
lib/src/features/lessons/domain/lesson.dart:50:77:
Error: Undefined name 'Phase'.
    Lesson(code: 'M123.01', title: 'Define Basic Naval Terminology', phase: Phase.phase1, periods: 2, isMandatory: true, category: 'Elemental'),
                                                                            ^^^^^
lib/src/features/lessons/domain/lesson.dart:51:87:
Error: Undefined name 'Phase'.
    Lesson(code: 'M123.02', title: 'Identify Pipes and the Correct Responses', phase: Phase.phase1, periods: 2, isMandatory: true, category: 'Elemental'),
                                                                                      ^^^^^
lib/src/features/lessons/domain/lesson.dart:52:92:
Error: Undefined name 'Phase'.
    Lesson(code: 'M123.03', title: 'Participate in a Review of Ship\'s Operations', phase: Phase.phase1, periods: 1, isMandatory: true, category: 'Elemental'),
                                                                                          ^^^^^
lib/src/features/lessons/domain/lesson.dart:53:73:
Error: Undefined name 'Phase'.
    Lesson(code: 'M124.01', title: 'Prepare for a Sail Weekend', phase: Phase.phase1, periods: 1, isMandatory: true, category: 'Elemental'),
                                                                        ^^^^^
lib/src/features/lessons/domain/lesson.dart:57:49:
Error: Undefined name 'Phase'.
    Lesson(code: 'M100', title: 'PHASE', phase: Phase.phase2, periods: 6, isMandatory: true),
                                                ^^^^^
lib/src/features/lessons/domain/lesson.dart:58:85:
Error: Undefined name 'Phase'.
    Lesson(code: 'MX01.01C', title: 'Participate in Citizenship Activities', phase: Phase.phase2, periods: 3, isMandatory: true),
                                                                                    ^^^^^
lib/src/features/lessons/domain/lesson.dart:59:72:
Error: Undefined name 'Phase'.
    Lesson(code: 'MX02.01', title: 'Perform Community Service', phase: Phase.phase2, periods: 9, isMandatory: true),
                                                                       ^^^^^
lib/src/features/lessons/domain/lesson.dart:60:87:
Error: Undefined name 'Phase'.
    Lesson(code: 'M203.01', title: 'Discuss Leadership Within a Peer Setting', phase: Phase.phase2, periods: 1, isMandatory: true),
                                                                                      ^^^^^
lib/src/features/lessons/domain/lesson.dart:61:83:
Error: Undefined name 'Phase'.
    Lesson(code: 'M203.02', title: 'Discuss the Principles of Leadership', phase: Phase.phase2, periods: 1, isMandatory: true),
                                                                                  ^^^^^
lib/src/features/lessons/domain/lesson.dart:62:96:
Error: Undefined name 'Phase'.
    Lesson(code: 'M203.03', title: 'Discuss Effective Communication in a Peer Setting', phase: Phase.phase2, periods: 1, isMandatory: true),
                                                                                          ^^^^^
lib/src/features/lessons/domain/lesson.dart:63:82:
Error: Undefined name 'Phase'.
    Lesson(code: 'M203.04', title: 'Demonstrate Positive Group Dynamics', phase: Phase.phase2, periods: 2, isMandatory: true),
                                                                                 ^^^^^
lib/src/features/lessons/domain/lesson.dart:64:75:
Error: Undefined name 'Phase'.
    Lesson(code: 'M203.05', title: 'Discuss Influence Behaviours', phase: Phase.phase2, periods: 1, isMandatory: true),
                                                                          ^^^^^
lib/src/features/lessons/domain/lesson.dart:65:69:
Error: Undefined name 'Phase'.
    Lesson(code: 'M203.06', title: 'Employ Problem Solving', phase: Phase.phase2, periods: 2, isMandatory: true),
                                                                    ^^^^^
lib/src/features/lessons/domain/lesson.dart:66:100:
Error: Undefined name 'Phase'.
    Lesson(code: 'M203.07', title: 'Discuss Personal Integrity as a Quality of Leadership', phase: Phase.phase2, periods: 1, isMandatory: true),
                                                                                          ^^^^^
lib/src/features/lessons/domain/lesson.dart:67:86:
Error: Undefined name 'Phase'.
    Lesson(code: 'M203.08', title: 'Participate in Team-Building Activities', phase: Phase.phase2, periods: 1, isMandatory: true),
                                                                                     ^^^^^
lib/src/features/lessons/domain/lesson.dart:68:80:
Error: Undefined name 'Phase'.
    Lesson(code: 'MX04.01', title: 'Participate in 60 Minutes of MVPA', phase: Phase.phase2, periods: 3, isMandatory: true),
                                                                               ^^^^^
lib/src/features/lessons/domain/lesson.dart:69:91:
Error: Undefined name 'Phase'.
    Lesson(code: 'MX04.02', title: 'Identify Strategies to Improve Participation', phase: Phase.phase2, periods: 3, isMandatory: true),
                                                                                          ^^^^^
lib/src/features/lessons/domain/lesson.dart:70:81:
Error: Undefined name 'Phase'.
    Lesson(code: 'MX05.01', title: 'Participate in Physical Activities', phase: Phase.phase2, periods: 9, isMandatory: true),
                                                                                ^^^^^
lib/src/features/lessons/domain/lesson.dart:71:88:
Error: Undefined name 'Phase'.
    Lesson(code: 'M207.01', title: 'Identify Phase Two Training Opportunities', phase: Phase.phase2, periods: 1, isMandatory: true),
                                                                                       ^^^^^
lib/src/features/lessons/domain/lesson.dart:72:107:
Error: Undefined name 'Phase'.
    Lesson(code: 'M207.03', title: 'Recognize the Role and Responsibilities of the Local Sponsor', phase: Phase.phase2, periods: 1, isMandatory: true),
                                                                                          ^^^^^
lib/src/features/lessons/domain/lesson.dart:73:88:
Error: Undefined name 'Phase'.
    Lesson(code: 'M208.01', title: 'Execute Left and Right Turns on the March', phase: Phase.phase2, periods: 2, isMandatory: true),
                                                                                       ^^^^^
lib/src/features/lessons/domain/lesson.dart:74:77:
Error: Undefined name 'Phase'.
    Lesson(code: 'M208.02', title: 'Form Single File from the Halt', phase: Phase.phase2, periods: 1, isMandatory: true),
                                                                            ^^^^^
lib/src/features/lessons/domain/lesson.dart:76:71:
Error: Undefined name 'Phase'.
    Lesson(code: 'M221.01', title: 'Use a Strap for Slinging', phase: Phase.phase2, periods: 3, isMandatory: true, category: 'Elemental'),
                                                                      ^^^^^
lib/src/features/lessons/domain/lesson.dart:77:60:
Error: Undefined name 'Phase'.
    Lesson(code: 'M221.03', title: 'Reeve a Block', phase: Phase.phase2, periods: 2, isMandatory: true, category: 'Elemental'),
                                                           ^^^^^
lib/src/features/lessons/domain/lesson.dart:78:77:
Error: Undefined name 'Phase'.
    Lesson(code: 'M221.04', title: 'Identify Components of Tackles', phase: Phase.phase2, periods: 3, isMandatory: true, category: 'Elemental'),
                                                                            ^^^^^
lib/src/features/lessons/domain/lesson.dart:79:58:
Error: Undefined name 'Phase'.
    Lesson(code: 'M221.05', title: 'Rig Tackles', phase: Phase.phase2, periods: 6, isMandatory: true, category: 'Elemental'),
                                                         ^^^^^
lib/src/features/lessons/domain/lesson.dart:80:72:
Error: Undefined name 'Phase'.
    Lesson(code: 'M223.01', title: 'Define Ship-Related Terms', phase: Phase.phase2, periods: 2, isMandatory: true, category: 'Elemental'),
                                                                       ^^^^^
lib/src/features/lessons/domain/lesson.dart:81:72:
Error: Undefined name 'Phase'.
    Lesson(code: 'M223.02', title: 'Identify the Watch System', phase: Phase.phase2, periods: 2, isMandatory: true, category: 'Elemental'),
                                                                       ^^^^^
lib/src/features/lessons/domain/lesson.dart:82:88:
Error: Undefined name 'Phase'.
    Lesson(code: 'M223.03', title: 'Execute Notes Using the Boatswain\'s Call', phase: Phase.phase2, periods: 2, isMandatory: true, category: 'Elemental'),
                                                                                       ^^^^^
lib/src/features/lessons/domain/lesson.dart:83:68:
Error: Undefined name 'Phase'.
    Lesson(code: 'M223.04', title: 'Pipe the General Call', phase: Phase.phase2, periods: 1, isMandatory: true, category: 'Elemental'),
                                                                   ^^^^^
lib/src/features/lessons/domain/lesson.dart:84:61:
Error: Undefined name 'Phase'.
    Lesson(code: 'M223.05', title: 'Pipe the Still', phase: Phase.phase2, periods: 1, isMandatory: true, category: 'Elemental'),
                                                            ^^^^^
lib/src/features/lessons/domain/lesson.dart:85:64:
Error: Undefined name 'Phase'.
    Lesson(code: 'M223.06', title: 'Pipe the Carry On', phase: Phase.phase2, periods: 1, isMandatory: true, category: 'Elemental'),
                                                               ^^^^^
lib/src/features/lessons/domain/lesson.dart:86:73:
Error: Undefined name 'Phase'.
    Lesson(code: 'MX24.01', title: 'Prepare for a Sail Weekend', phase: Phase.phase2, periods: 1, isMandatory: true, category: 'Elemental'),
                                                                        ^^^^^
lib/src/features/lessons/domain/lesson.dart:87:86:
Error: Undefined name 'Phase'.
    Lesson(code: 'CX25.01', title: 'Prepare for a Nautical Training Weekend', phase: Phase.phase2, periods: 1, isMandatory: true, category: 'Elemental'),
                                                                                     ^^^^^
lib/src/features/lessons/domain/lesson.dart:88:89:
Error: Undefined name 'Phase'.
    Lesson(code: 'CX25.02', title: 'Participate in a Nautical Training Weekend', phase: Phase.phase2, periods: 9, isMandatory: true, category: 'Elemental'),
                                                                                        ^^^^^
lib/src/features/lessons/domain/lesson.dart:92:49:
Error: Undefined name 'Phase'.
    Lesson(code: 'M100', title: 'PHASE', phase: Phase.phase3, periods: 6, isMandatory: true),
                                                ^^^^^
lib/src/features/lessons/domain/lesson.dart:93:85:
Error: Undefined name 'Phase'.
    Lesson(code: 'M301.01C', title: 'Participate in Citizenship Activities', phase: Phase.phase3, periods: 3, isMandatory: true),
                                                                                    ^^^^^
lib/src/features/lessons/domain/lesson.dart:94:72:
Error: Undefined name 'Phase'.
    Lesson(code: 'MX02.01', title: 'Perform Community Service', phase: Phase.phase3, periods: 9, isMandatory: true),
                                                                       ^^^^^
lib/src/features/lessons/domain/lesson.dart:95:79:
Error: Undefined name 'Phase'.
    Lesson(code: 'M303.01', title: 'Define the Role of a Team Leader', phase: Phase.phase3, periods: 2, isMandatory: true),
                                                                              ^^^^^
lib/src/features/lessons/domain/lesson.dart:96:86:
Error: Undefined name 'Phase'.
    Lesson(code: 'M303.02', title: 'Participate in a Mentoring Relationship', phase: Phase.phase3, periods: 1, isMandatory: true),
                                                                                     ^^^^^
lib/src/features/lessons/domain/lesson.dart:97:71:
Error: Undefined name 'Phase'.
    Lesson(code: 'M303.03', title: 'Practice Self-Assessment', phase: Phase.phase3, periods: 1, isMandatory: true),
                                                                      ^^^^^
lib/src/features/lessons/domain/lesson.dart:98:75:
Error: Undefined name 'Phase'.
    Lesson(code: 'M303.04', title: 'Communicate as a Team Leader', phase: Phase.phase3, periods: 2, isMandatory: true),
                                                                          ^^^^^
lib/src/features/lessons/domain/lesson.dart:99:63:
Error: Undefined name 'Phase'.
    Lesson(code: 'M303.05', title: 'Supervise Cadets', phase: Phase.phase3, periods: 2, isMandatory: true),
                                                              ^^^^^
lib/src/features/lessons/domain/lesson.dart:100:61:
Error: Undefined name 'Phase'.
    Lesson(code: 'M303.06', title: 'Solve Problems', phase: Phase.phase3, periods: 2, isMandatory: true),
                                                            ^^^^^
lib/src/features/lessons/domain/lesson.dart:101:90:
Error: Undefined name 'Phase'.
    Lesson(code: 'M303.07', title: 'Lead Cadets Through a Leadership Assignment', phase: Phase.phase3, periods: 2, isMandatory: true),
                                                                                         ^^^^^
lib/src/features/lessons/domain/lesson.dart:102:80:
Error: Undefined name 'Phase'.
    Lesson(code: 'M304.01', title: 'Participate in 60 Minutes of MVPA', phase: Phase.phase3, periods: 3, isMandatory: true),
                                                                               ^^^^^
lib/src/features/lessons/domain/lesson.dart:103:91:
Error: Undefined name 'Phase'.
    Lesson(code: 'MX04.02', title: 'Identify Strategies to Improve Participation', phase: Phase.phase3, periods: 3, isMandatory: true),
                                                                                          ^^^^^
lib/src/features/lessons/domain/lesson.dart:104:81:
Error: Undefined name 'Phase'.
    Lesson(code: 'MX05.01', title: 'Participate in Physical Activities', phase: Phase.phase3, periods: 9, isMandatory: true),
                                                                                ^^^^^
lib/src/features/lessons/domain/lesson.dart:105:90:
Error: Undefined name 'Phase'.
    Lesson(code: 'M307.01', title: 'Identify Phase Three Training Opportunities', phase: Phase.phase3, periods: 1, isMandatory: true),
                                                                                         ^^^^^
lib/src/features/lessons/domain/lesson.dart:106:100:
Error: Undefined name 'Phase'.
    Lesson(code: 'M307.03', title: 'Recognize the Partnership Between Navy League and DND', phase: Phase.phase3, periods: 1, isMandatory: true),
                                                                                          ^^^^^
lib/src/features/lessons/domain/lesson.dart:107:73:
Error: Undefined name 'Phase'.
    Lesson(code: 'M308.01', title: 'Prepare a Squad for Parade', phase: Phase.phase3, periods: 3, isMandatory: true),
                                                                        ^^^^^
lib/src/features/lessons/domain/lesson.dart:108:71:
Error: Undefined name 'Phase'.
    Lesson(code: 'M308.02', title: 'Deliver Words of Command', phase: Phase.phase3, periods: 1, isMandatory: true),
                                                                      ^^^^^
lib/src/features/lessons/domain/lesson.dart:109:80:
Error: Undefined name 'Phase'.
    Lesson(code: 'M309.01', title: 'Explain Principles of Instruction', phase: Phase.phase3, periods: 2, isMandatory: true),
                                                                               ^^^^^
lib/src/features/lessons/domain/lesson.dart:110:78:
Error: Undefined name 'Phase'.
    Lesson(code: 'M309.02', title: 'Identify Methods of Instruction', phase: Phase.phase3, periods: 2, isMandatory: true),
                                                                             ^^^^^
lib/src/features/lessons/domain/lesson.dart:111:85:
Error: Undefined name 'Phase'.
    Lesson(code: 'M309.03', title: 'Describe Effective Speaking Techniques', phase: Phase.phase3, periods: 1, isMandatory: true),
                                                                                    ^^^^^
lib/src/features/lessons/domain/lesson.dart:112:78:
Error: Undefined name 'Phase'.
    Lesson(code: 'M309.04', title: 'Describe Questioning Techniques', phase: Phase.phase3, periods: 1, isMandatory: true),
                                                                             ^^^^^
lib/src/features/lessons/domain/lesson.dart:113:84:
Error: Undefined name 'Phase'.
    Lesson(code: 'M309.05', title: 'Select Appropriate Instructional Aids', phase: Phase.phase3, periods: 2, isMandatory: true),
                                                                                   ^^^^^
lib/src/features/lessons/domain/lesson.dart:114:60:
Error: Undefined name 'Phase'.
    Lesson(code: 'M309.06', title: 'Plan a Lesson', phase: Phase.phase3, periods: 2, isMandatory: true),
                                                           ^^^^^
lib/src/features/lessons/domain/lesson.dart:115:74:
Error: Undefined name 'Phase'.
    Lesson(code: 'M309.07', title: 'Instruct a 15-Minute Lesson', phase: Phase.phase3, periods: 3, isMandatory: true),
                                                                         ^^^^^
lib/src/features/lessons/domain/lesson.dart:117:87:
Error: Undefined name 'Phase'.
    Lesson(code: 'PO 322', title: 'Attain Pleasure Craft Operator Competency', phase: Phase.phase3, periods: 15, isMandatory: true, category: 'Elemental'),
                                                                                      ^^^^^
lib/src/features/lessons/domain/lesson.dart:118:67:
Error: Undefined name 'Phase'.
    Lesson(code: 'M323.01', title: 'Perform Corps Duties', phase: Phase.phase3, periods: 2, isMandatory: true, category: 'Elemental'),
                                                                  ^^^^^
lib/src/features/lessons/domain/lesson.dart:119:73:
Error: Undefined name 'Phase'.
    Lesson(code: 'MX24.01', title: 'Prepare for a Sail Weekend', phase: Phase.phase3, periods: 1, isMandatory: true, category: 'Elemental'),
                                                                        ^^^^^
lib/src/features/lessons/domain/lesson.dart:120:86:
Error: Undefined name 'Phase'.
    Lesson(code: 'CX25.01', title: 'Prepare for a Nautical Training Weekend', phase: Phase.phase3, periods: 1, isMandatory: true, category: 'Elemental'),
                                                                                     ^^^^^
lib/src/features/lessons/domain/lesson.dart:121:81:
Error: Undefined name 'Phase'.
    Lesson(code: 'CX25.02', title: 'Participate in a Nautical Activity', phase: Phase.phase3, periods: 9, isMandatory: true, category: 'Elemental'),
                                                                                ^^^^^
lib/src/features/lessons/domain/lesson.dart:125:49:
Error: Undefined name 'Phase'.
    Lesson(code: 'M100', title: 'PHASE', phase: Phase.phase4, periods: 6, isMandatory: true),
                                                ^^^^^
lib/src/features/lessons/domain/lesson.dart:126:85:
Error: Undefined name 'Phase'.
    Lesson(code: 'MX01.01C', title: 'Participate in Citizenship Activities', phase: Phase.phase4, periods: 3, isMandatory: true),
                                                                                    ^^^^^
lib/src/features/lessons/domain/lesson.dart:127:72:
Error: Undefined name 'Phase'.
    Lesson(code: 'MX02.01', title: 'Perform Community Service', phase: Phase.phase4, periods: 9, isMandatory: true),
                                                                       ^^^^^
lib/src/features/lessons/domain/lesson.dart:128:94:
Error: Undefined name 'Phase'.
    Lesson(code: 'M403.01', title: 'Describe Needs and Expectations of Team Members', phase: Phase.phase4, periods: 1, isMandatory: true),
                                                                                          ^^^^^
lib/src/features/lessons/domain/lesson.dart:129:75:
Error: Undefined name 'Phase'.
    Lesson(code: 'M403.02', title: 'Select a Leadership Approach', phase: Phase.phase4, periods: 2, isMandatory: true),
                                                                          ^^^^^
lib/src/features/lessons/domain/lesson.dart:130:84:
Error: Undefined name 'Phase'.
    Lesson(code: 'M403.03', title: 'Describe How to Motivate Team Members', phase: Phase.phase4, periods: 2, isMandatory: true),
                                                                                   ^^^^^
lib/src/features/lessons/domain/lesson.dart:131:79:
Error: Undefined name 'Phase'.
    Lesson(code: 'M403.04', title: 'Provide Feedback to Team Members', phase: Phase.phase4, periods: 2, isMandatory: true),
                                                                              ^^^^^
lib/src/features/lessons/domain/lesson.dart:132:86:
Error: Undefined name 'Phase'.
    Lesson(code: 'M403.05', title: 'Participate in a Mentoring Relationship', phase: Phase.phase4, periods: 2, isMandatory: true),
                                                                                     ^^^^^
lib/src/features/lessons/domain/lesson.dart:133:98:
Error: Undefined name 'Phase'.
    Lesson(code: 'M403.06', title: 'Act as a Team Leader During a Leadership Assignment', phase: Phase.phase4, periods: 1, isMandatory: true),
                                                                                          ^^^^^
lib/src/features/lessons/domain/lesson.dart:134:80:
Error: Undefined name 'Phase'.
    Lesson(code: 'MX04.01', title: 'Participate in 60 Minutes of MVPA', phase: Phase.phase4, periods: 3, isMandatory: true),
                                                                               ^^^^^
lib/src/features/lessons/domain/lesson.dart:135:91:
Error: Undefined name 'Phase'.
    Lesson(code: 'MX04.02', title: 'Identify Strategies to Improve Participation', phase: Phase.phase4, periods: 3, isMandatory: true),
                                                                                          ^^^^^
lib/src/features/lessons/domain/lesson.dart:136:81:
Error: Undefined name 'Phase'.
    Lesson(code: 'MX05.01', title: 'Participate in Physical Activities', phase: Phase.phase4, periods: 9, isMandatory: true),
                                                                                ^^^^^
lib/src/features/lessons/domain/lesson.dart:137:89:
Error: Undefined name 'Phase'.
    Lesson(code: 'M407.01', title: 'Identify Phase Four Training Opportunities', phase: Phase.phase4, periods: 1, isMandatory: true),
                                                                                        ^^^^^
lib/src/features/lessons/domain/lesson.dart:138:79:
Error: Undefined name 'Phase'.
    Lesson(code: 'C407.01', title: 'Prepare for a Merit Review Board', phase: Phase.phase4, periods: 1, isMandatory: true),
                                                                              ^^^^^
lib/src/features/lessons/domain/lesson.dart:139:86:
Error: Undefined name 'Phase'.
    Lesson(code: 'M408.01', title: 'Discuss Commanding a Division on Parade', phase: Phase.phase4, periods: 1, isMandatory: true),
                                                                                     ^^^^^
lib/src/features/lessons/domain/lesson.dart:140:71:
Error: Undefined name 'Phase'.
    Lesson(code: 'M408.02', title: 'Identify Parade Sequence', phase: Phase.phase4, periods: 1, isMandatory: true),
                                                                      ^^^^^
lib/src/features/lessons/domain/lesson.dart:141:62:
Error: Undefined name 'Phase'.
    Lesson(code: 'M408.03', title: 'Command a Squad', phase: Phase.phase4, periods: 1, isMandatory: true),
                                                             ^^^^^
lib/src/features/lessons/domain/lesson.dart:142:72:
Error: Undefined name 'Phase'.
    Lesson(code: 'M408.04', title: 'Inspect a Cadet on Parade', phase: Phase.phase4, periods: 2, isMandatory: true),
                                                                       ^^^^^
lib/src/features/lessons/domain/lesson.dart:143:78:
Error: Undefined name 'Phase'.
    Lesson(code: 'M409.01', title: 'Identify Methods of Instruction', phase: Phase.phase4, periods: 2, isMandatory: true),
                                                                             ^^^^^
lib/src/features/lessons/domain/lesson.dart:144:99:
Error: Undefined name 'Phase'.
    Lesson(code: 'M409.02', title: 'Identify Elements of a Positive Learning Environment', phase: Phase.phase4, periods: 2, isMandatory: true),
                                                                                          ^^^^^
lib/src/features/lessons/domain/lesson.dart:145:69:
Error: Undefined name 'Phase'.
    Lesson(code: 'M409.03', title: 'Describe Learner Needs', phase: Phase.phase4, periods: 2, isMandatory: true),
                                                                    ^^^^^
lib/src/features/lessons/domain/lesson.dart:146:65:
Error: Undefined name 'Phase'.
    Lesson(code: 'M409.04', title: 'Explain Assessment', phase: Phase.phase4, periods: 1, isMandatory: true),
                                                                ^^^^^
lib/src/features/lessons/domain/lesson.dart:147:74:
Error: Undefined name 'Phase'.
    Lesson(code: 'M409.05', title: 'Instruct a 30-Minute Lesson', phase: Phase.phase4, periods: 3, isMandatory: true),
                                                                         ^^^^^
lib/src/features/lessons/domain/lesson.dart:149:96:
Error: Undefined name 'Phase'.
    Lesson(code: 'C422', title: 'Attain Restricted Operator\'s Certificate (Maritime)', phase: Phase.phase4, periods: 18, isMandatory: true, category: 'Elemental'),
                                                                                          ^^^^^
lib/src/features/lessons/domain/lesson.dart:150:73:
Error: Undefined name 'Phase'.
    Lesson(code: 'MX24.01', title: 'Prepare for a Sail Weekend', phase: Phase.phase4, periods: 1, isMandatory: true, category: 'Elemental'),
                                                                        ^^^^^
lib/src/features/lessons/domain/lesson.dart:151:86:
Error: Undefined name 'Phase'.
    Lesson(code: 'CX25.01', title: 'Prepare for a Nautical Training Weekend', phase: Phase.phase4, periods: 1, isMandatory: true, category: 'Elemental'),
                                                                                     ^^^^^
lib/src/features/lessons/domain/lesson.dart:152:81:
Error: Undefined name 'Phase'.
    Lesson(code: 'CX25.02', title: 'Participate in a Nautical Activity', phase: Phase.phase4, periods: 9, isMandatory: true, category: 'Elemental'),
                                                                                ^^^^^
lib/src/features/lessons/domain/lesson.dart:153:71:
Error: Undefined name 'Phase'.
    Lesson(code: 'C421.01', title: 'Make a Boatswain\'s Belt', phase: Phase.phase4, periods: 2, isMandatory: true, category: 'Elemental'),
                                                                      ^^^^^
lib/src/features/lessons/domain/lesson.dart:154:63:
Error: Undefined name 'Phase'.
    Lesson(code: 'C421.02', title: 'Make a Round Mat', phase: Phase.phase4, periods: 3, isMandatory: true, category: 'Elemental'),
                                                              ^^^^^
lib/src/features/lessons/domain/lesson.dart:155:65:
Error: Undefined name 'Phase'.
    Lesson(code: 'C421.03', title: 'Make a Net Hammock', phase: Phase.phase4, periods: 3, isMandatory: true, category: 'Elemental'),
                                                                ^^^^^
lib/src/features/lessons/domain/lesson.dart:156:69:
Error: Undefined name 'Phase'.
    Lesson(code: 'C321.02', title: 'Rig a Standing Derrick', phase: Phase.phase4, periods: 6, isMandatory: true, category: 'Elemental'),
                                                                    ^^^^^
lib/src/features/lessons/domain/lesson.dart:157:56:
Error: Undefined name 'Phase'.
    Lesson(code: 'C321.03', title: 'Rig a Gyn', phase: Phase.phase4, periods: 6, isMandatory: true, category: 'Elemental'),
                                                       ^^^^^
lib/src/features/calendar/presentation/academic_calendar_screen.dart:115:30:
Error: The method 'go' isn't defined for the type 'BuildContext'.
 - 'BuildContext' is from 'package:flutter/src/widgets/framework.dart' ('../../development/flutter/packages/flutter/lib/src/widgets/framework.dart').
        onTap: () => context.go('/planning/${session.id}'),
                             ^^
lib/src/features/lessons/domain/lesson.dart:6:9:
Error: 'Phase' isn't a type.
  final Phase phase;
        ^^^^^
lib/src/features/lessons/domain/lesson.dart:160:42:
Error: 'Phase' isn't a type.
  static List<Lesson> getLessonsForPhase(Phase phase) {
                                         ^^^^^
Error: Compilation failed.
  Command: /Users/jonathanwaterman/development/flutter/bin/cache/dart-sdk/bin/dart compile js --platform-binaries=/Users/jonathanwaterman/development/flutter/bin/cache/flutter_web_sdk/kernel --invoker=flutter_tool -Ddart.vm.product=true -DFLUTTER_VERSION=3.41.9 -DFLUTTER_CHANNEL=stable -DFLUTTER_GIT_URL=https://github.com/flutter/flutter.git -DFLUTTER_FRAMEWORK_REVISION=00b0c91f06 -DFLUTTER_ENGINE_REVISION=42d3d75a56 -DFLUTTER_DART_VERSION=3.11.5 -DFLUTTER_WEB_USE_SKIA=true -DFLUTTER_WEB_USE_SKWASM=false -DFLUTTER_WEB_CANVASKIT_URL=https://www.gstatic.com/flutter-canvaskit/42d3d75a56efe1a2e9902f52dc8006099c45d937/ --native-null-assertions --no-source-maps -O4 --minify -o /Users/jonathanwaterman/Desktop/Training Officer Tool/.dart_tool/flutter_build/e8e091701def9d9946bc0be9c2648d20/app.dill --packages=/Users/jonathanwaterman/Desktop/Training Officer Tool/.dart_tool/package_config.json --cfe-only /Users/jonathanwaterman/Desktop/Training Officer Tool/.dart_tool/flutter_build/e8e091701def9d9946bc0be9c2648d20/main.dart
#0      RunResult.throwException (package:flutter_tools/src/base/process.dart:153:5)
#1      _DefaultProcessUtils.run (package:flutter_tools/src/base/process.dart:379:19)
<asynchronous suspension>
#2      Dart2JSTarget.build (package:flutter_tools/src/build_system/targets/web.dart:208:5)
<asynchronous suspension>
#3      _BuildInstance._invokeInternal (package:flutter_tools/src/build_system/build_system.dart:937:9)
<asynchronous suspension>
#4      Future.wait.<anonymous closure> (dart:async/future.dart:546:21)
<asynchronous suspension>
#5      _BuildInstance.invokeTarget (package:flutter_tools/src/build_system/build_system.dart:875:32)
<asynchronous suspension>
#6      Future.wait.<anonymous closure> (dart:async/future.dart:546:21)
<asynchronous suspension>
#7      _BuildInstance.invokeTarget (package:flutter_tools/src/build_system/build_system.dart:875:32)
<asynchronous suspension>
#8      FlutterBuildSystem.build (package:flutter_tools/src/build_system/build_system.dart:684:16)
<asynchronous suspension>
#9      WebBuilder.buildWeb (package:flutter_tools/src/web/compile.dart:107:34)
<asynchronous suspension>
#10     BuildWebCommand.runCommand (package:flutter_tools/src/commands/build_web.dart:300:5)
<asynchronous suspension>
#11     FlutterCommand.run.<anonymous closure> (package:flutter_tools/src/runner/flutter_command.dart:1590:27)
<asynchronous suspension>
#12     AppContext.run.<anonymous closure> (package:flutter_tools/src/base/context.dart:154:19)
<asynchronous suspension>
#13     CommandRunner.runCommand (package:args/command_runner.dart:212:13)
<asynchronous suspension>
#14     FlutterCommandRunner.runCommand.<anonymous closure> (package:flutter_tools/src/runner/flutter_command_runner.dart:496:9)
<asynchronous suspension>
#15     AppContext.run.<anonymous closure> (package:flutter_tools/src/base/context.dart:154:19)
<asynchronous suspension>
#16     FlutterCommandRunner.runCommand (package:flutter_tools/src/runner/flutter_command_runner.dart:431:5)
<asynchronous suspension>
#17     FlutterCommandRunner.run.<anonymous closure> (package:flutter_tools/src/runner/flutter_command_runner.dart:307:33)
<asynchronous suspension>
#18     run.<anonymous closure>.<anonymous closure> (package:flutter_tools/runner.dart:104:11)
<asynchronous suspension>
#19     AppContext.run.<anonymous closure> (package:flutter_tools/src/base/context.dart:154:19)
<asynchronous suspension>
#20     main (package:flutter_tools/executable.dart:103:3)
<asynchronous suspension>

Compiling lib/main.dart for the Web...                             26.9s
Error: Failed to compile application for the Web.
